// Jest Snapshot v1, https://goo.gl/fbAQLP

exports[`Should match the snapshot 1`] = `
<div
  className="App"
>
  <header
    className="App-header"
  >
    <div
      className="header"
    >
      <h1
        className="header__title"
      >
        <a
          href="/"
        >
          Events Finder
        </a>
      </h1>
      <h2
        className="header__subtitle"
      >
        Find upcoming events in USA
      </h2>
    </div>
  </header>
  <main />
</div>
`;
